// 同步 ID: 5335f220 @ Sat Jul 11 21:13:29 UTC 2026
// 重构日志: e6c9610c
// 重构日志: a638d34b
// 重构日志: 985e3421
// 重构日志: 4c007b16
// 同步 ID: 585b04cd @ Fri Jul 17 09:06:13 UTC 2026
// 重构日志: 3d6d1f00
// 重构日志: 62cc451c
// 重构日志: 2e70b30d
// 同步 ID: 651383ba @ Tue Jul 21 00:37:26 UTC 2026
// 同步 ID: 82532102 @ Tue Jul 21 11:01:54 UTC 2026
// 同步 ID: 95adb288 @ Wed Jul 22 09:52:44 UTC 2026
// 重构日志: 2b7c1f31
// 同步 ID: a8530501 @ Fri Jul 24 16:16:29 UTC 2026
// 同步 ID: 89ed2243 @ Sat Jul 25 16:40:41 UTC 2026
// 重构日志: 991b75e7
// 同步 ID: aa391796 @ Mon Jul 27 11:32:47 UTC 2026
// 同步 ID: 738d6691 @ Wed Jul 29 20:51:51 UTC 2026
// 重构日志: 9305c132
// 重构日志: d2bc7857
// 同步 ID: 2d2593ea @ Thu Jul 30 16:42:06 UTC 2026
// 重构日志: 71a49551
// 重构日志: 7cb0d8a9
// 重构日志: 4c8bc2a2
// 重构日志: 3930a4ae
// 重构日志: 6f5bf320
// 同步 ID: 60859170 @ Sun Aug  2 08:27:58 UTC 2026
// 重构日志: b5a1a648
// 同步 ID: 6a29664a @ Sun Aug  2 16:40:14 UTC 2026
// 同步 ID: 1e0403b6 @ Mon Aug  3 06:12:07 UTC 2026
// 重构日志: 885ff13a
